Archive member included to satisfy reference by file (symbol)

c:/program files (x86)/atmel/studio/7.0/toolchain/arm/arm-gnu-toolchain/bin/../lib/gcc/arm-none-eabi/6.3.1/thumb/v6-m\libgcc.a(_udivsi3.o)
                              source/alg.o (__aeabi_uidivmod)
c:/program files (x86)/atmel/studio/7.0/toolchain/arm/arm-gnu-toolchain/bin/../lib/gcc/arm-none-eabi/6.3.1/thumb/v6-m\libgcc.a(_dvmd_tls.o)
                              c:/program files (x86)/atmel/studio/7.0/toolchain/arm/arm-gnu-toolchain/bin/../lib/gcc/arm-none-eabi/6.3.1/thumb/v6-m\libgcc.a(_udivsi3.o) (__aeabi_idiv0)
c:/program files (x86)/atmel/studio/7.0/toolchain/arm/arm-gnu-toolchain/bin/../lib/gcc/arm-none-eabi/6.3.1/thumb/v6-m\libgcc.a(_fixunsdfsi.o)
                              source/usart.o (__aeabi_d2uiz)
c:/program files (x86)/atmel/studio/7.0/toolchain/arm/arm-gnu-toolchain/bin/../lib/gcc/arm-none-eabi/6.3.1/thumb/v6-m\libgcc.a(floatunsisf.o)
                              source/usart.o (__aeabi_ui2f)
c:/program files (x86)/atmel/studio/7.0/toolchain/arm/arm-gnu-toolchain/bin/../lib/gcc/arm-none-eabi/6.3.1/thumb/v6-m\libgcc.a(divdf3.o)
                              source/usart.o (__aeabi_ddiv)
c:/program files (x86)/atmel/studio/7.0/toolchain/arm/arm-gnu-toolchain/bin/../lib/gcc/arm-none-eabi/6.3.1/thumb/v6-m\libgcc.a(muldf3.o)
                              source/usart.o (__aeabi_dmul)
c:/program files (x86)/atmel/studio/7.0/toolchain/arm/arm-gnu-toolchain/bin/../lib/gcc/arm-none-eabi/6.3.1/thumb/v6-m\libgcc.a(subdf3.o)
                              source/usart.o (__aeabi_dsub)
c:/program files (x86)/atmel/studio/7.0/toolchain/arm/arm-gnu-toolchain/bin/../lib/gcc/arm-none-eabi/6.3.1/thumb/v6-m\libgcc.a(fixdfsi.o)
                              c:/program files (x86)/atmel/studio/7.0/toolchain/arm/arm-gnu-toolchain/bin/../lib/gcc/arm-none-eabi/6.3.1/thumb/v6-m\libgcc.a(_fixunsdfsi.o) (__aeabi_d2iz)
c:/program files (x86)/atmel/studio/7.0/toolchain/arm/arm-gnu-toolchain/bin/../lib/gcc/arm-none-eabi/6.3.1/thumb/v6-m\libgcc.a(floatunsidf.o)
                              source/usart.o (__aeabi_ui2d)
c:/program files (x86)/atmel/studio/7.0/toolchain/arm/arm-gnu-toolchain/bin/../lib/gcc/arm-none-eabi/6.3.1/thumb/v6-m\libgcc.a(extendsfdf2.o)
                              source/usart.o (__aeabi_f2d)
c:/program files (x86)/atmel/studio/7.0/toolchain/arm/arm-gnu-toolchain/bin/../lib/gcc/arm-none-eabi/6.3.1/thumb/v6-m\libgcc.a(_arm_cmpdf2.o)
                              c:/program files (x86)/atmel/studio/7.0/toolchain/arm/arm-gnu-toolchain/bin/../lib/gcc/arm-none-eabi/6.3.1/thumb/v6-m\libgcc.a(_fixunsdfsi.o) (__aeabi_dcmpge)
c:/program files (x86)/atmel/studio/7.0/toolchain/arm/arm-gnu-toolchain/bin/../lib/gcc/arm-none-eabi/6.3.1/thumb/v6-m\libgcc.a(_clzsi2.o)
                              c:/program files (x86)/atmel/studio/7.0/toolchain/arm/arm-gnu-toolchain/bin/../lib/gcc/arm-none-eabi/6.3.1/thumb/v6-m\libgcc.a(floatunsisf.o) (__clzsi2)
c:/program files (x86)/atmel/studio/7.0/toolchain/arm/arm-gnu-toolchain/bin/../lib/gcc/arm-none-eabi/6.3.1/thumb/v6-m\libgcc.a(eqdf2.o)
                              c:/program files (x86)/atmel/studio/7.0/toolchain/arm/arm-gnu-toolchain/bin/../lib/gcc/arm-none-eabi/6.3.1/thumb/v6-m\libgcc.a(_arm_cmpdf2.o) (__eqdf2)
c:/program files (x86)/atmel/studio/7.0/toolchain/arm/arm-gnu-toolchain/bin/../lib/gcc/arm-none-eabi/6.3.1/thumb/v6-m\libgcc.a(gedf2.o)
                              c:/program files (x86)/atmel/studio/7.0/toolchain/arm/arm-gnu-toolchain/bin/../lib/gcc/arm-none-eabi/6.3.1/thumb/v6-m\libgcc.a(_arm_cmpdf2.o) (__gedf2)
c:/program files (x86)/atmel/studio/7.0/toolchain/arm/arm-gnu-toolchain/bin/../lib/gcc/arm-none-eabi/6.3.1/thumb/v6-m\libgcc.a(ledf2.o)
                              c:/program files (x86)/atmel/studio/7.0/toolchain/arm/arm-gnu-toolchain/bin/../lib/gcc/arm-none-eabi/6.3.1/thumb/v6-m\libgcc.a(_arm_cmpdf2.o) (__ledf2)
c:/program files (x86)/atmel/studio/7.0/toolchain/arm/arm-gnu-toolchain/bin/../lib/gcc/arm-none-eabi/6.3.1/../../../../arm-none-eabi/lib/thumb/v6-m\libc.a(lib_a-exit.o)
                              c:/program files (x86)/atmel/studio/7.0/toolchain/arm/arm-gnu-toolchain/bin/../lib/gcc/arm-none-eabi/6.3.1/../../../../arm-none-eabi/lib/thumb/v6-m/crt0.o (exit)
c:/program files (x86)/atmel/studio/7.0/toolchain/arm/arm-gnu-toolchain/bin/../lib/gcc/arm-none-eabi/6.3.1/../../../../arm-none-eabi/lib/thumb/v6-m\libc.a(lib_a-impure.o)
                              c:/program files (x86)/atmel/studio/7.0/toolchain/arm/arm-gnu-toolchain/bin/../lib/gcc/arm-none-eabi/6.3.1/../../../../arm-none-eabi/lib/thumb/v6-m\libc.a(lib_a-exit.o) (_global_impure_ptr)
c:/program files (x86)/atmel/studio/7.0/toolchain/arm/arm-gnu-toolchain/bin/../lib/gcc/arm-none-eabi/6.3.1/../../../../arm-none-eabi/lib/thumb/v6-m\libc.a(lib_a-init.o)
[...]
Memory Configuration

Name             Origin             Length             Attributes
rom              0x00004000         0x0001c000         xr
ram              0x20000000         0x00008000         xrw
*default*        0x00000000         0xffffffff

Linker script and memory map

LOAD c:/program files (x86)/atmel/studio/7.0/toolchain/arm/arm-gnu-toolchain/bin/../lib/gcc/arm-none-eabi/6.3.1/thumb/v6-m/crti.o
LOAD c:/program files (x86)/atmel/studio/7.0/toolchain/arm/arm-gnu-toolchain/bin/../lib/gcc/arm-none-eabi/6.3.1/thumb/v6-m/crtbegin.o
LOAD c:/program files (x86)/atmel/studio/7.0/toolchain/arm/arm-gnu-toolchain/bin/../lib/gcc/arm-none-eabi/6.3.1/../../../../arm-none-eabi/lib/thumb/v6-m/crt0.o
LOAD Device_Startup/startup_samr21.o
LOAD Device_Startup/system_samr21.o
LOAD source/acc_and_logs.o
LOAD source/alg.o
LOAD source/cmd.o
LOAD source/crc.o
LOAD source/encod_k.o
LOAD source/eth_parse.o
LOAD source/flash.o
LOAD source/gpio.o
LOAD source/iap.o
LOAD source/main.o
LOAD source/socket.o
LOAD source/spi.o
LOAD source/sys_clock.o
LOAD source/timer.o
LOAD source/usart.o
LOAD source/w5500_reg.o
LOAD source/cfg.o
START GROUP
LOAD c:/program files (x86)/atmel/studio/7.0/toolchain/arm/arm-gnu-toolchain/bin/../lib/gcc/arm-none-eabi/6.3.1/../../../../arm-none-eabi/lib/thumb/v6-m\libm.a
END GROUP
START GROUP
LOAD c:/program files (x86)/atmel/studio/7.0/toolchain/arm/arm-gnu-toolchain/bin/../lib/gcc/arm-none-eabi/6.3.1/thumb/v6-m\libgcc.a
LOAD c:/program files (x86)/atmel/studio/7.0/toolchain/arm/arm-gnu-toolchain/bin/../lib/gcc/arm-none-eabi/6.3.1/../../../../arm-none-eabi/lib/thumb/v6-m\libc.a
END GROUP
LOAD c:/program files (x86)/atmel/studio/7.0/toolchain/arm/arm-gnu-toolchain/bin/../lib/gcc/arm-none-eabi/6.3.1/thumb/v6-m/crtend.o
LOAD c:/program files (x86)/atmel/studio/7.0/toolchain/arm/arm-gnu-toolchain/bin/../lib/gcc/arm-none-eabi/6.3.1/thumb/v6-m/crtn.o
                0x00002000                STACK_SIZE = DEFINED (STACK_SIZE)?STACK_SIZE:DEFINED (__stack_size__)?__stack_size__:0x2000

.text           0x00004000     0x8ca4
                0x00004000                . = ALIGN (0x4)
                0x00004000                _sfixed = .
 *(.vectors .vectors.*)
 .vectors       0x00004000       0xb4 Device_Startup/startup_samr21.o
                0x00004000                exception_table
 *(.text .text.* .gnu.linkonce.t.*)
 .text          0x000040b4       0x60 c:/program files (x86)/atmel/studio/7.0/toolchain/arm/arm-gnu-toolchain/bin/../lib/gcc/arm-none-eabi/6.3.1/thumb/v6-m/crtbegin.o
 .text          0x00004114      0x100 Device_Startup/startup_samr21.o
                0x00004114                Reset_Handler
                0x0000420c                HardFault_Handler
                0x0000420c                AC_Handler
                0x0000420c                SysTick_Handler
                0x0000420c                PendSV_Handler
                0x0000420c                NMI_Handler
                0x0000420c                TC7_Handler
                0x0000420c                ADC_Handler
                0x0000420c                TCC1_Handler
                0x0000420c                TCC0_Handler
                0x0000420c                RTC_Handler
                0x0000420c                EIC_Handler
                0x0000420c                TC6_Handler
                0x0000420c                WDT_Handler
                0x0000420c                TC4_Handler
                0x0000420c                DMAC_Handler
                0x0000420c                USB_Handler
                0x0000420c                Dummy_Handler
                0x0000420c                PM_Handler
                0x0000420c                SVC_Handler
                0x0000420c                TCC2_Handler
                0x0000420c                EVSYS_Handler
                0x0000420c                SERCOM4_Handler
                0x0000420c                NVMCTRL_Handler
                0x0000420c                DAC_Handler
                0x0000420c                PTC_Handler
                0x0000420c                TC5_Handler
                0x0000420c                SYSCTRL_Handler
 .text          0x00004214      0x57c source/acc_and_logs.o
                0x00004214                acc
                0x00004398                acces_ip
                0x000044c8                log_ch
                0x0000455c                log_safe
                0x00004730                log_clear
 .text          0x00004790      0x228 source/alg.o
                0x00004790                random_gen
                0x00004800                num_to_byte
                0x000048c4                num_aus_byte
                0x0000495a                SRAV
 .text          0x000049b8     0x1380 source/cmd.o
                0x000049b8                cmd_process
                0x000049ca                cmd_common_process
                0x000057e8                cmd_usart_process
                0x00005844                usart_process
 .text          0x00005d38      0x2d4 source/crc.o
                0x00005d38                crc16_ccit
                0x00005df8                crc16_mbus
                0x00005ec0                crc32
 .text          0x0000600c      0x258 source/encod_k.o
                0x0000600c                crypted
                0x0000603a                decrypted
                0x00006068                wave
                0x0000611e                shell_game
                0x0000620c                move
 .text          0x00006264      0x484 source/eth_parse.o
                0x00006264                eth_init
                0x00006378                eth_process
                0x00006498                check_sockets_process
                0x00006518                eth_parse
                0x000065f4                check_data_wr_process
 .text          0x000066e8      0x384 source/flash.o
                0x000066e8                flash_empty
                0x0000672e                flash_erase_page
                0x0000677c                flash_write
                0x00006854                flash_copy
                0x00006938                flash_read
                0x000069c0                flash_erase_row
                0x00006a10                flash_write_dword
 .text          0x00006a6c      0x534 source/gpio.o
                0x00006a6c                gpio_init
                0x00006d80                pin_ctrl
                0x00006f18                check_gerkon
 .text          0x00006fa0      0x290 source/iap.o
                0x00006fa0                iap_process
 .text          0x00007230      0x18c source/main.o
                0x00007230                main
 .text          0x000073bc      0x1c4 source/socket.o
                0x000073bc                socket_init
 .text          0x00007580      0x80c source/spi.o
                0x000076d0                spi_init
                0x000078ac                spi_process
                0x00007954                spi_write
                0x00007b0c                spi_read
                0x00007c90                SERCOM5_Handler
 .text          0x00007d8c      0x110 source/sys_clock.o
                0x00007d8c                sys_clock_init_USE_OSC8M
                0x00007dc8                sys_clock_init_USE_DFLL48M
 .text          0x00007e9c      0x658 source/timer.o
                0x00008020                TC3_Handler
                0x000080d4                TC3_init
                0x000081d0                wait
                0x00008228                tc3_process
 .text          0x000084f4     0x11ac source/usart.o
                0x00008644                usart_init
                0x00008676                init
                0x00008ecc                usart_write
                0x00008fe0                usart_read
                0x00009130                sercom_proc
                0x00009660                SERCOM3_Handler
                0x00009670                SERCOM2_Handler
                0x00009680                SERCOM0_Handler
                0x00009690                SERCOM1_Handler
 .text          0x000096a0     0x1468 source/w5500_reg.o
                0x000096a0                w5500_init_reg
                0x00009718                mac_init
                0x00009758                gw_init
                0x00009798                mask_init
                0x000097d8                ip_init
                0x00009818                w5500_process
                0x0000999c                w5500_cmd_read_socket_udp
                0x00009cc4                w5500_write_socket_udp
                0x0000a160                w5500_cmd_read_socket_tcp
                0x0000a65c                w5500_write_socket_tcp
 .text          0x0000ab08      0x52c source/cfg.o
                0x0000ab08                cfg_init
                0x0000ab3c                cfg_read
                0x0000ab9c                cfg_2_read
                0x0000abfc                cfg_default
                0x0000af20                cfg_check
                0x0000afe8                cfg_save
 .text          0x0000b034      0x114 c:/program files (x86)/atmel/studio/7.0/toolchain/arm/arm-gnu-toolchain/bin/../lib/gcc/arm-none-eabi/6.3.1/thumb/v6-m\libgcc.a(_udivsi3.o)
                0x0000b034                __aeabi_uidiv
                0x0000b034                __udivsi3
                0x0000b140                __aeabi_uidivmod
 .text          0x0000b148        0x4 c:/program files (x86)/atmel/studio/7.0/toolchain/arm/arm-gnu-toolchain/bin/../lib/gcc/arm-none-eabi/6.3.1/thumb/v6-m\libgcc.a(_dvmd_tls.o)
                0x0000b148                __aeabi_idiv0
                0x0000b148                __aeabi_ldiv0
 .text          0x0000b14c       0x3c c:/program files (x86)/atmel/studio/7.0/toolchain/arm/arm-gnu-toolchain/bin/../lib/gcc/arm-none-eabi/6.3.1/thumb/v6-m\libgcc.a(_fixunsdfsi.o)
                0x0000b14c                __aeabi_d2uiz
                0x0000b14c                __fixunsdfsi
 .text          0x0000b188       0x8c c:/program files (x86)/atmel/studio/7.0/toolchain/arm/arm-gnu-toolchain/bin/../lib/gcc/arm-none-eabi/6.3.1/thumb/v6-m\libgcc.a(floatunsisf.o)
                0x0000b188                __aeabi_ui2f
 .text          0x0000b214      0x668 c:/program files (x86)/atmel/studio/7.0/toolchain/arm/arm-gnu-toolchain/bin/../lib/gcc/arm-none-eabi/6.3.1/thumb/v6-m\libgcc.a(divdf3.o)
                0x0000b214                __aeabi_ddiv
 .text          0x0000b87c      0x500 c:/program files (x86)/atmel/studio/7.0/toolchain/arm/arm-gnu-toolchain/bin/../lib/gcc/arm-none-eabi/6.3.1/thumb/v6-m\libgcc.a(muldf3.o)
                0x0000b87c                __aeabi_dmul
 .text          0x0000bd7c      0x62c c:/program files (x86)/atmel/studio/7.0/toolchain/arm/arm-gnu-toolchain/bin/../lib/gcc/arm-none-eabi/6.3.1/thumb/v6-m\libgcc.a(subdf3.o)
                0x0000bd7c                __aeabi_dsub
 .text          0x0000c3a8       0x68 c:/program files (x86)/atmel/studio/7.0/toolchain/arm/arm-gnu-toolchain/bin/../lib/gcc/arm-none-eabi/6.3.1/thumb/v6-m\libgcc.a(fixdfsi.o)
                0x0000c3a8                __aeabi_d2iz
 .text          0x0000c410       0x70 c:/program files (x86)/atmel/studio/7.0/toolchain/arm/arm-gnu-toolchain/bin/../lib/gcc/arm-none-eabi/6.3.1/thumb/v6-m\libgcc.a(floatunsidf.o)
                0x0000c410                __aeabi_ui2d
 .text          0x0000c480       0xa4 c:/program files (x86)/atmel/studio/7.0/toolchain/arm/arm-gnu-toolchain/bin/../lib/gcc/arm-none-eabi/6.3.1/thumb/v6-m\libgcc.a(extendsfdf2.o)
                0x0000c480                __aeabi_f2d
 .text          0x0000c524       0x7c c:/program files (x86)/atmel/studio/7.0/toolchain/arm/arm-gnu-toolchain/bin/../lib/gcc/arm-none-eabi/6.3.1/thumb/v6-m\libgcc.a(_arm_cmpdf2.o)
                0x0000c524                __aeabi_cdrcmple
                0x0000c534                __aeabi_cdcmple
                0x0000c534                __aeabi_cdcmpeq
                0x0000c544                __aeabi_dcmpeq
                0x0000c550                __aeabi_dcmplt
                0x0000c564                __aeabi_dcmple
                0x0000c578                __aeabi_dcmpgt
                0x0000c58c                __aeabi_dcmpge
 .text          0x0000c5a0       0x3c c:/program files (x86)/atmel/studio/7.0/toolchain/arm/arm-gnu-toolchain/bin/../lib/gcc/arm-none-eabi/6.3.1/thumb/v6-m\libgcc.a(_clzsi2.o)
                0x0000c5a0                __clzsi2
 .text          0x0000c5dc       0x74 c:/program files (x86)/atmel/studio/7.0/toolchain/arm/arm-gnu-toolchain/bin/../lib/gcc/arm-none-eabi/6.3.1/thumb/v6-m\libgcc.a(eqdf2.o)
                0x0000c5dc                __nedf2
                0x0000c5dc                __eqdf2
 .text          0x0000c650       0xc8 c:/program files (x86)/atmel/studio/7.0/toolchain/arm/arm-gnu-toolchain/bin/../lib/gcc/arm-none-eabi/6.3.1/thumb/v6-m\libgcc.a(gedf2.o)
                0x0000c650                __gedf2
                0x0000c650                __gtdf2
 .text          0x0000c718       0xc4 c:/program files (x86)/atmel/studio/7.0/toolchain/arm/arm-gnu-toolchain/bin/../lib/gcc/arm-none-eabi/6.3.1/thumb/v6-m\libgcc.a(ledf2.o)
                0x0000c718                __ledf2
                0x0000c718                __ltdf2
 .text.__libc_init_array
                0x0000c7dc       0x48 c:/program files (x86)/atmel/studio/7.0/toolchain/arm/arm-gnu-toolchain/bin/../lib/gcc/arm-none-eabi/6.3.1/../../../../arm-none-eabi/lib/thumb/v6-m\libc.a(lib_a-init.o)
                0x0000c7dc                __libc_init_array
 .text.memcpy   0x0000c824       0x84 c:/program files (x86)/atmel/studio/7.0/toolchain/arm/arm-gnu-toolchain/bin/../lib/gcc/arm-none-eabi/6.3.1/../../../../arm-none-eabi/lib/thumb/v6-m\libc.a(lib_a-memcpy-stub.o)
                0x0000c824                memcpy
 .text.memset   0x0000c8a8       0x94 c:/program files (x86)/atmel/studio/7.0/toolchain/arm/arm-gnu-toolchain/bin/../lib/gcc/arm-none-eabi/6.3.1/../../../../arm-none-eabi/lib/thumb/v6-m\libc.a(lib_a-memset.o)
                0x0000c8a8                memset
 .text.startup.register_fini
                0x0000c93c       0x18 c:/program files (x86)/atmel/studio/7.0/toolchain/arm/arm-gnu-toolchain/bin/../lib/gcc/arm-none-eabi/6.3.1/../../../../arm-none-eabi/lib/thumb/v6-m\libc.a(lib_a-__call_atexit.o)
 .text.atexit   0x0000c954       0x10 c:/program files (x86)/atmel/studio/7.0/toolchain/arm/arm-gnu-toolchain/bin/../lib/gcc/arm-none-eabi/6.3.1/../../../../arm-none-eabi/lib/thumb/v6-m\libc.a(lib_a-atexit.o)
                0x0000c954                atexit
 .text.__libc_fini_array
                0x0000c964       0x34 c:/program files (x86)/atmel/studio/7.0/toolchain/arm/arm-gnu-toolchain/bin/../lib/gcc/arm-none-eabi/6.3.1/../../../../arm-none-eabi/lib/thumb/v6-m\libc.a(lib_a-fini.o)
                0x0000c964                __libc_fini_array
 .text.__retarget_lock_acquire_recursive
                0x0000c998        0x4 c:/program files (x86)/atmel/studio/7.0/toolchain/arm/arm-gnu-toolchain/bin/../lib/gcc/arm-none-eabi/6.3.1/../../../../arm-none-eabi/lib/thumb/v6-m\libc.a(lib_a-lock.o)
                0x0000c998                __retarget_lock_acquire_recursive
 .text.__retarget_lock_release_recursive
                0x0000c99c        0x4 c:/program files (x86)/atmel/studio/7.0/toolchain/arm/arm-gnu-toolchain/bin/../lib/gcc/arm-none-eabi/6.3.1/../../../../arm-none-eabi/lib/thumb/v6-m\libc.a(lib_a-lock.o)
                0x0000c99c                __retarget_lock_release_recursive
 .text.__register_exitproc
                0x0000c9a0       0xf4 c:/program files (x86)/atmel/studio/7.0/toolchain/arm/arm-gnu-toolchain/bin/../lib/gcc/arm-none-eabi/6.3.1/../../../../arm-none-eabi/lib/thumb/v6-m\libc.a(lib_a-__atexit.o)
                0x0000c9a0                __register_exitproc
 *(.glue_7t)
 .glue_7t       0x0000ca94        0x0 linker stubs
 *(.glue_7)
 .glue_7        0x0000ca94        0x0 linker stubs
 *(.rodata .rodata* .gnu.linkonce.r.*)
 .rodata        0x0000ca94        0xd source/acc_and_logs.o
 *fill*         0x0000caa1        0x3 
 .rodata        0x0000caa4       0xc4 source/cmd.o
 .rodata        0x0000cb68       0x88 source/w5500_reg.o
 .rodata        0x0000cbf0        0xc source/cfg.o
 .rodata        0x0000cbfc       0x40 c:/program files (x86)/atmel/studio/7.0/toolchain/arm/arm-gnu-toolchain/bin/../lib/gcc/arm-none-eabi/6.3.1/thumb/v6-m\libgcc.a(divdf3.o)
 .rodata        0x0000cc3c       0x40 c:/program files (x86)/atmel/studio/7.0/toolchain/arm/arm-gnu-toolchain/bin/../lib/gcc/arm-none-eabi/6.3.1/thumb/v6-m\libgcc.a(muldf3.o)
 .rodata._global_impure_ptr
                0x0000cc7c        0x4 c:/program files (x86)/atmel/studio/7.0/toolchain/arm/arm-gnu-toolchain/bin/../lib/gcc/arm-none-eabi/6.3.1/../../../../arm-none-eabi/lib/thumb/v6-m\libc.a(lib_a-impure.o)
                0x0000cc7c                _global_impure_ptr
 *(.ARM.extab* .gnu.linkonce.armextab.*)
                0x0000cc80                . = ALIGN (0x4)
 *(.init)
 .init          0x0000cc80        0x4 c:/program files (x86)/atmel/studio/7.0/toolchain/arm/arm-gnu-toolchain/bin/../lib/gcc/arm-none-eabi/6.3.1/thumb/v6-m/crti.o
                0x0000cc80                _init
 .init          0x0000cc84        0x8 c:/program files (x86)/atmel/studio/7.0/toolchain/arm/arm-gnu-toolchain/bin/../lib/gcc/arm-none-eabi/6.3.1/thumb/v6-m/crtn.o
                0x0000cc8c                . = ALIGN (0x4)
                0x0000cc8c                __preinit_array_start = .
 *(.preinit_array)
                0x0000cc8c                __preinit_array_end = .
                0x0000cc8c                . = ALIGN (0x4)
                0x0000cc8c                __init_array_start = .
 *(SORT(.init_array.*))
 .init_array.00000
                0x0000cc8c        0x4 c:/program files (x86)/atmel/studio/7.0/toolchain/arm/arm-gnu-toolchain/bin/../lib/gcc/arm-none-eabi/6.3.1/../../../../arm-none-eabi/lib/thumb/v6-m\libc.a(lib_a-__call_atexit.o)
 *(.init_array)
 .init_array    0x0000cc90        0x4 c:/program files (x86)/atmel/studio/7.0/toolchain/arm/arm-gnu-toolchain/bin/../lib/gcc/arm-none-eabi/6.3.1/thumb/v6-m/crtbegin.o
                0x0000cc94                __init_array_end = .
                0x0000cc94                . = ALIGN (0x4)
 *crtbegin.o(.ctors)
 *(EXCLUDE_FILE(*crtend.o) .ctors)
 *(SORT(.ctors.*))
 *crtend.o(.ctors)
                0x0000cc94                . = ALIGN (0x4)
 *(.fini)
 .fini          0x0000cc94        0x4 c:/program files (x86)/atmel/studio/7.0/toolchain/arm/arm-gnu-toolchain/bin/../lib/gcc/arm-none-eabi/6.3.1/thumb/v6-m/crti.o
                0x0000cc94                _fini
 .fini          0x0000cc98        0x8 c:/program files (x86)/atmel/studio/7.0/toolchain/arm/arm-gnu-toolchain/bin/../lib/gcc/arm-none-eabi/6.3.1/thumb/v6-m/crtn.o
                0x0000cca0                . = ALIGN (0x4)
                0x0000cca0                __fini_array_start = .
 *(.fini_array)
 .fini_array    0x0000cca0        0x4 c:/program files (x86)/atmel/studio/7.0/toolchain/arm/arm-gnu-toolchain/bin/../lib/gcc/arm-none-eabi/6.3.1/thumb/v6-m/crtbegin.o
 *(SORT(.fini_array.*))
                0x0000cca4                __fini_array_end = .
 *crtbegin.o(.dtors)
 *(EXCLUDE_FILE(*crtend.o) .dtors)
 *(SORT(.dtors.*))
 *crtend.o(.dtors)
                0x0000cca4                . = ALIGN (0x4)
                0x0000cca4                _efixed = .
                [!provide]                PROVIDE (__exidx_start, .)

.vfp11_veneer   0x0000cca4        0x0
 .vfp11_veneer  0x0000cca4        0x0 linker stubs

.v4_bx          0x0000cca4        0x0
 .v4_bx         0x0000cca4        0x0 linker stubs

.iplt           0x0000cca4        0x0
 .iplt          0x0000cca4        0x0 c:/program files (x86)/atmel/studio/7.0/toolchain/arm/arm-gnu-toolchain/bin/../lib/gcc/arm-none-eabi/6.3.1/thumb/v6-m/crtbegin.o

.eh_frame       0x0000cca4        0x0
 .eh_frame      0x0000cca4        0x0 c:/program files (x86)/atmel/studio/7.0/toolchain/arm/arm-gnu-toolchain/bin/../lib/gcc/arm-none-eabi/6.3.1/thumb/v6-m/crtbegin.o

.rel.dyn        0x0000cca4        0x0
 .rel.iplt      0x0000cca4        0x0 c:/program files (x86)/atmel/studio/7.0/toolchain/arm/arm-gnu-toolchain/bin/../lib/gcc/arm-none-eabi/6.3.1/thumb/v6-m/crtbegin.o

.jcr            0x0000cca4        0x0
 .jcr           0x0000cca4        0x0 c:/program files (x86)/atmel/studio/7.0/toolchain/arm/arm-gnu-toolchain/bin/../lib/gcc/arm-none-eabi/6.3.1/thumb/v6-m/crtbegin.o

.igot.plt       0x0000cca4        0x0
 .igot.plt      0x0000cca4        0x0 c:/program files (x86)/atmel/studio/7.0/toolchain/arm/arm-gnu-toolchain/bin/../lib/gcc/arm-none-eabi/6.3.1/thumb/v6-m/crtbegin.o

.ARM.exidx
 *(.ARM.exidx* .gnu.linkonce.armexidx.*)
                [!provide]                PROVIDE (__exidx_end, .)
                0x0000cca4                . = ALIGN (0x4)
                0x0000cca4                _etext = .

.relocate       0x20000000      0x434 load address 0x0000cca4
                0x20000000                . = ALIGN (0x4)
                0x20000000                _srelocate = .
 *(.ramfunc .ramfunc.*)
 *(.data .data.*)
 .data          0x20000000        0x1 source/cmd.o
 .data          0x20000001        0x1 source/eth_parse.o
 .data          0x20000002        0x1 source/cfg.o
                0x20000002                cfg_2_err
 *fill*         0x20000003        0x5 
 .data.impure_data
                0x20000008      0x428 c:/program files (x86)/atmel/studio/7.0/toolchain/arm/arm-gnu-toolchain/bin/../lib/gcc/arm-none-eabi/6.3.1/../../../../arm-none-eabi/lib/thumb/v6-m\libc.a(lib_a-impure.o)
 .data.__atexit_recursive_mutex
                0x20000430        0x4 c:/program files (x86)/atmel/studio/7.0/toolchain/arm/arm-gnu-toolchain/bin/../lib/gcc/arm-none-eabi/6.3.1/../../../../arm-none-eabi/lib/thumb/v6-m\libc.a(lib_a-__call_atexit.o)
                0x20000430                __atexit_recursive_mutex
                0x20000434                . = ALIGN (0x4)
                0x20000434                _erelocate = .

.bss            0x20000434     0x3ab4 load address 0x0000d0d8
                0x20000434                . = ALIGN (0x4)
                0x20000434                _sbss = .
                0x20000434                _szero = .
 *(.bss .bss.*)
 .bss           0x20000434       0x1c c:/program files (x86)/atmel/studio/7.0/toolchain/arm/arm-gnu-toolchain/bin/../lib/gcc/arm-none-eabi/6.3.1/thumb/v6-m/crtbegin.o
 .bss           0x20000450        0xa source/cmd.o
                0x20000450                log_stat
                0x20000451                actv_user_id
                0x20000454                rsv_time
                0x20000458                wr_flag_cfg
                0x20000459                wr_flag_acc
 .bss           0x2000045a        0x1 source/eth_parse.o
 .bss           0x2000045b        0x1 source/gpio.o
 .bss           0x2000045c        0xd source/iap.o
                0x2000045c                iap_addr
                0x20000460                iap_size
                0x20000464                iap_key
 .bss           0x20000469        0x2 source/spi.o
 *fill*         0x2000046b        0x1 
 .bss           0x2000046c       0x14 source/timer.o
                0x2000046c                tc3_cnt
                0x20000470                loggin_timeout
                0x20000474                ger_wait
                0x20000478                time_100mk
                0x2000047c                TTL
 .bss           0x20000480       0x1b source/w5500_reg.o
                0x20000480                addr_w5500
                0x20000482                cb_w5500
                0x20000484                len_buf
                0x20000486                sizert
 *(COMMON)
 *fill*         0x2000049b        0x1 
 COMMON         0x2000049c      0x130 source/cmd.o
                0x2000049c                ip_addrs
                0x200004a0                cbuf
 COMMON         0x200005cc     0x1d79 source/eth_parse.o
                0x200005cc                eth_sock
 *fill*         0x20002345        0x3 
 COMMON         0x20002348      0x200 source/iap.o
                0x20002348                iap_page
                0x20002448                iap_buf
 COMMON         0x20002548      0x10c source/main.o
                0x20002548                reset
                0x2000254c                crc_fw
                0x20002550                err_dword
                0x20002554                accnts
 COMMON         0x20002654      0xba0 source/spi.o
                0x20002654                spi
 COMMON         0x200031f4        0x8 source/timer.o
                0x200031f4                spi_wait
                0x200031f6                cmd_spi_wait
                0x200031f8                time_wait
 COMMON         0x200031fc      0x900 source/usart.o
                0x200031fc                port
 COMMON         0x20003afc       0xc6 source/w5500_reg.o
                0x20003afc                ptr_buf
                0x20003b00                w5500_mode
                0x20003b04                chip
                0x20003bb7                cmd
                0x20003bb8                wbuf_w55
 *fill*         0x20003bc2        0x2 
 COMMON         0x20003bc4      0x300 source/cfg.o
                0x20003bc4                cfg_2
                0x20003cc4                cfg_1_tmp
                0x20003dc4                cfg_1
 COMMON         0x20003ec4       0x21 c:/program files (x86)/atmel/studio/7.0/toolchain/arm/arm-gnu-toolchain/bin/../lib/gcc/arm-none-eabi/6.3.1/../../../../arm-none-eabi/lib/thumb/v6-m\libc.a(lib_a-lock.o)
                0x20003ec4                __lock___atexit_recursive_mutex
                0x20003ec8                __lock___arc4random_mutex
                0x20003ecc                __lock___env_recursive_mutex
                0x20003ed0                __lock___sinit_recursive_mutex
                0x20003ed4                __lock___malloc_recursive_mutex
                0x20003ed8                __lock___at_quick_exit_mutex
                0x20003edc                __lock___dd_hash_mutex
                0x20003ee0                __lock___tz_mutex
                0x20003ee4                __lock___sfp_recursive_mutex
                0x20003ee8                . = ALIGN (0x4)
 *fill*         0x20003ee5        0x3 
                0x20003ee8                _ebss = .
                0x20003ee8                _ezero = .

.stack          0x20003ee8     0x2000 load address 0x00010b8c
                0x20003ee8                . = ALIGN (0x8)
                0x20003ee8                _sstack = .
                0x20005ee8                . = (. + STACK_SIZE)
 *fill*         0x20003ee8     0x2000 
                0x20005ee8                . = ALIGN (0x8)
                0x20005ee8                _estack = .
                0x20005ee8                . = ALIGN (0x4)
                0x20005ee8                _end = .
OUTPUT(eth-rs485.elf elf32-littlearm)

.ARM.attributes
                0x00000000       0x28
 .ARM.attributes
                0x00000000       0x1e c:/program files (x86)/atmel/studio/7.0/toolchain/arm/arm-gnu-toolchain/bin/../lib/gcc/arm-none-eabi/6.3.1/thumb/v6-m/crti.o
 .ARM.attributes
                0x0000001e       0x2c c:/program files (x86)/atmel/studio/7.0/toolchain/arm/arm-gnu-toolchain/bin/../lib/gcc/arm-none-eabi/6.3.1/thumb/v6-m/crtbegin.o
 .ARM.attributes
                0x0000004a       0x32 Device_Startup/startup_samr21.o
 .ARM.attributes
                0x0000007c       0x32 source/acc_and_logs.o
 .ARM.attributes
                0x000000ae       0x32 source/alg.o
 .ARM.attributes
                0x000000e0       0x32 source/cmd.o
 .ARM.attributes
                0x00000112       0x32 source/crc.o
 .ARM.attributes
                0x00000144       0x32 source/encod_k.o
 .ARM.attributes
                0x00000176       0x32 source/eth_parse.o
 .ARM.attributes
                0x000001a8       0x32 source/flash.o
 .ARM.attributes
                0x000001da       0x32 source/gpio.o
 .ARM.attributes
                0x0000020c       0x32 source/iap.o
 .ARM.attributes
                0x0000023e       0x32 source/main.o
 .ARM.attributes
                0x00000270       0x32 source/socket.o
 .ARM.attributes
                0x000002a2       0x32 source/spi.o
 .ARM.attributes
                0x000002d4       0x32 source/sys_clock.o
 .ARM.attributes
                0x00000306       0x32 source/timer.o
 .ARM.attributes
                0x00000338       0x32 source/usart.o
 .ARM.attributes
                0x0000036a       0x32 source/w5500_reg.o
 .ARM.attributes
                0x0000039c       0x32 source/cfg.o
 .ARM.attributes
                0x000003ce       0x1e c:/program files (x86)/atmel/studio/7.0/toolchain/arm/arm-gnu-toolchain/bin/../lib/gcc/arm-none-eabi/6.3.1/thumb/v6-m\libgcc.a(_udivsi3.o)
 .ARM.attributes
                0x000003ec       0x1e c:/program files (x86)/atmel/studio/7.0/toolchain/arm/arm-gnu-toolchain/bin/../lib/gcc/arm-none-eabi/6.3.1/thumb/v6-m\libgcc.a(_dvmd_tls.o)
 .ARM.attributes
                0x0000040a       0x2c c:/program files (x86)/atmel/studio/7.0/toolchain/arm/arm-gnu-toolchain/bin/../lib/gcc/arm-none-eabi/6.3.1/thumb/v6-m\libgcc.a(_fixunsdfsi.o)
 .ARM.attributes
                0x00000436       0x2c c:/program files (x86)/atmel/studio/7.0/toolchain/arm/arm-gnu-toolchain/bin/../lib/gcc/arm-none-eabi/6.3.1/thumb/v6-m\libgcc.a(floatunsisf.o)
 .ARM.attributes
                0x00000462       0x2c c:/program files (x86)/atmel/studio/7.0/toolchain/arm/arm-gnu-toolchain/bin/../lib/gcc/arm-none-eabi/6.3.1/thumb/v6-m\libgcc.a(divdf3.o)
 .ARM.attributes
                0x0000048e       0x2c c:/program files (x86)/atmel/studio/7.0/toolchain/arm/arm-gnu-toolchain/bin/../lib/gcc/arm-none-eabi/6.3.1/thumb/v6-m\libgcc.a(muldf3.o)
 .ARM.attributes
                0x000004ba       0x2c c:/program files (x86)/atmel/studio/7.0/toolchain/arm/arm-gnu-toolchain/bin/../lib/gcc/arm-none-eabi/6.3.1/thumb/v6-m\libgcc.a(subdf3.o)
 .ARM.attributes
                0x000004e6       0x2c c:/program files (x86)/atmel/studio/7.0/toolchain/arm/arm-gnu-toolchain/bin/../lib/gcc/arm-none-eabi/6.3.1/thumb/v6-m\libgcc.a(fixdfsi.o)
 .ARM.attributes
                0x00000512       0x2c c:/program files (x86)/atmel/studio/7.0/toolchain/arm/arm-gnu-toolchain/bin/../lib/gcc/arm-none-eabi/6.3.1/thumb/v6-m\libgcc.a(floatunsidf.o)
 .ARM.attributes
                0x0000053e       0x2c c:/program files (x86)/atmel/studio/7.0/toolchain/arm/arm-gnu-toolchain/bin/../lib/gcc/arm-none-eabi/6.3.1/thumb/v6-m\libgcc.a(extendsfdf2.o)
 .ARM.attributes
                0x0000056a       0x1e c:/program files (x86)/atmel/studio/7.0/toolchain/arm/arm-gnu-toolchain/bin/../lib/gcc/arm-none-eabi/6.3.1/thumb/v6-m\libgcc.a(_arm_cmpdf2.o)
 .ARM.attributes
                0x00000588       0x1e c:/program files (x86)/atmel/studio/7.0/toolchain/arm/arm-gnu-toolchain/bin/../lib/gcc/arm-none-eabi/6.3.1/thumb/v6-m\libgcc.a(_clzsi2.o)
 .ARM.attributes
                0x000005a6       0x2c c:/program files (x86)/atmel/studio/7.0/toolchain/arm/arm-gnu-toolchain/bin/../lib/gcc/arm-none-eabi/6.3.1/thumb/v6-m\libgcc.a(eqdf2.o)
 .ARM.attributes
                0x000005d2       0x2c c:/program files (x86)/atmel/studio/7.0/toolchain/arm/arm-gnu-toolchain/bin/../lib/gcc/arm-none-eabi/6.3.1/thumb/v6-m\libgcc.a(gedf2.o)
 .ARM.attributes
                0x000005fe       0x2c c:/program files (x86)/atmel/studio/7.0/toolchain/arm/arm-gnu-toolchain/bin/../lib/gcc/arm-none-eabi/6.3.1/thumb/v6-m\libgcc.a(ledf2.o)
 .ARM.attributes
                0x0000062a       0x2c c:/program files (x86)/atmel/studio/7.0/toolchain/arm/arm-gnu-toolchain/bin/../lib/gcc/arm-none-eabi/6.3.1/../../../../arm-none-eabi/lib/thumb/v6-m\libc.a(lib_a-impure.o)
 .ARM.attributes
                0x00000656       0x2c c:/program files (x86)/atmel/studio/7.0/toolchain/arm/arm-gnu-toolchain/bin/../lib/gcc/arm-none-eabi/6.3.1/../../../../arm-none-eabi/lib/thumb/v6-m\libc.a(lib_a-init.o)
 .ARM.attributes
                0x00000682       0x2c c:/program files (x86)/atmel/studio/7.0/toolchain/arm/arm-gnu-toolchain/bin/../lib/gcc/arm-none-eabi/6.3.1/../../../../arm-none-eabi/lib/thumb/v6-m\libc.a(lib_a-memcpy-stub.o)
 .ARM.attributes
                0x000006ae       0x2c c:/program files (x86)/atmel/studio/7.0/toolchain/arm/arm-gnu-toolchain/bin/../lib/gcc/arm-none-eabi/6.3.1/../../../../arm-none-eabi/lib/thumb/v6-m\libc.a(lib_a-memset.o)
 .ARM.attributes
                0x000006da       0x2c c:/program files (x86)/atmel/studio/7.0/toolchain/arm/arm-gnu-toolchain/bin/../lib/gcc/arm-none-eabi/6.3.1/../../../../arm-none-eabi/lib/thumb/v6-m\libc.a(lib_a-__call_atexit.o)
 .ARM.attributes
                0x00000706       0x2c c:/program files (x86)/atmel/studio/7.0/toolchain/arm/arm-gnu-toolchain/bin/../lib/gcc/arm-none-eabi/6.3.1/../../../../arm-none-eabi/lib/thumb/v6-m\libc.a(lib_a-atexit.o)
 .ARM.attributes
                0x00000732       0x2c c:/program files (x86)/atmel/studio/7.0/toolchain/arm/arm-gnu-toolchain/bin/../lib/gcc/arm-none-eabi/6.3.1/../../../../arm-none-eabi/lib/thumb/v6-m\libc.a(lib_a-fini.o)
 .ARM.attributes
                0x0000075e       0x2c c:/program files (x86)/atmel/studio/7.0/toolchain/arm/arm-gnu-toolchain/bin/../lib/gcc/arm-none-eabi/6.3.1/../../../../arm-none-eabi/lib/thumb/v6-m\libc.a(lib_a-lock.o)
 .ARM.attributes
                0x0000078a       0x2c c:/program files (x86)/atmel/studio/7.0/toolchain/arm/arm-gnu-toolchain/bin/../lib/gcc/arm-none-eabi/6.3.1/../../../../arm-none-eabi/lib/thumb/v6-m\libc.a(lib_a-__atexit.o)
 .ARM.attributes
                0x000007b6       0x1e c:/program files (x86)/atmel/studio/7.0/toolchain/arm/arm-gnu-toolchain/bin/../lib/gcc/arm-none-eabi/6.3.1/thumb/v6-m/crtn.o

.comment        0x00000000       0x59
 .comment       0x00000000       0x59 Device_Startup/startup_samr21.o
                                 0x5a (size before relaxing)
 .comment       0x00000059       0x5a source/acc_and_logs.o
 .comment       0x00000059       0x5a source/alg.o
 .comment       0x00000059       0x5a source/cmd.o
 .comment       0x00000059       0x5a source/crc.o
 .comment       0x00000059       0x5a source/encod_k.o
 .comment       0x00000059       0x5a source/eth_parse.o
 .comment       0x00000059       0x5a source/flash.o
 .comment       0x00000059       0x5a source/gpio.o
 .comment       0x00000059       0x5a source/iap.o
 .comment       0x00000059       0x5a source/main.o
 .comment       0x00000059       0x5a source/socket.o
 .comment       0x00000059       0x5a source/spi.o
 .comment       0x00000059       0x5a source/sys_clock.o
 .comment       0x00000059       0x5a source/timer.o
 .comment       0x00000059       0x5a source/usart.o
 .comment       0x00000059       0x5a source/w5500_reg.o
 .comment       0x00000059       0x5a source/cfg.o

.debug_info     0x00000000    0x473a3
 .debug_info    0x00000000     0x3a26 Device_Startup/startup_samr21.o
 .debug_info    0x00003a26     0x3a9f source/acc_and_logs.o
 .debug_info    0x000074c5     0x3893 source/alg.o
 .debug_info    0x0000ad58     0x3c2f source/cmd.o
 .debug_info    0x0000e987     0x3b7a source/crc.o
 .debug_info    0x00012501     0x3977 source/encod_k.o
 .debug_info    0x00015e78     0x3873 source/eth_parse.o
 .debug_info    0x000196eb     0x40fc source/flash.o
 .debug_info    0x0001d7e7     0x3da8 source/gpio.o
 .debug_info    0x0002158f     0x3b60 source/iap.o
 .debug_info    0x000250ef     0x3da4 source/main.o
 .debug_info    0x00028e93     0x3797 source/socket.o
 .debug_info    0x0002c62a     0x4d30 source/spi.o
 .debug_info    0x0003135a     0x4ed4 source/sys_clock.o
 .debug_info    0x0003622e     0x5617 source/timer.o
 .debug_info    0x0003b845     0x477d source/usart.o
 .debug_info    0x0003ffc2     0x3aae source/w5500_reg.o
 .debug_info    0x00043a70     0x3933 source/cfg.o

.debug_abbrev   0x00000000     0x34c6
 .debug_abbrev  0x00000000      0x225 Device_Startup/startup_samr21.o
 .debug_abbrev  0x00000225      0x31f source/acc_and_logs.o
 .debug_abbrev  0x00000544      0x287 source/alg.o
 .debug_abbrev  0x000007cb      0x395 source/cmd.o
 .debug_abbrev  0x00000b60      0x29c source/crc.o
 .debug_abbrev  0x00000dfc      0x2e3 source/encod_k.o
 .debug_abbrev  0x000010df      0x2f0 source/eth_parse.o
 .debug_abbrev  0x000013cf      0x2a7 source/flash.o
 .debug_abbrev  0x00001676      0x2d1 source/gpio.o
 .debug_abbrev  0x00001947      0x2d2 source/iap.o
 .debug_abbrev  0x00001c19      0x31c source/main.o
 .debug_abbrev  0x00001f35      0x274 source/socket.o
 .debug_abbrev  0x000021a9      0x37f source/spi.o
 .debug_abbrev  0x00002528      0x25e source/sys_clock.o
 .debug_abbrev  0x00002786      0x369 source/timer.o
 .debug_abbrev  0x00002aef      0x3a1 source/usart.o
 .debug_abbrev  0x00002e90      0x317 source/w5500_reg.o
 .debug_abbrev  0x000031a7      0x31f source/cfg.o

.debug_loc      0x00000000     0x1208
 .debug_loc     0x00000000       0x64 Device_Startup/startup_samr21.o
 .debug_loc     0x00000064      0x11c source/acc_and_logs.o
 .debug_loc     0x00000180       0xe0 source/alg.o
 .debug_loc     0x00000260       0xc8 source/cmd.o
 .debug_loc     0x00000328       0xaa source/crc.o
 .debug_loc     0x000003d2      0x11a source/encod_k.o
 .debug_loc     0x000004ec      0x118 source/eth_parse.o
 .debug_loc     0x00000604      0x188 source/flash.o
 .debug_loc     0x0000078c       0x90 source/gpio.o
 .debug_loc     0x0000081c       0x38 source/iap.o
 .debug_loc     0x00000854       0x2c source/main.o
 .debug_loc     0x00000880       0x38 source/socket.o
 .debug_loc     0x000008b8      0x1a8 source/spi.o
 .debug_loc     0x00000a60       0x70 source/sys_clock.o
 .debug_loc     0x00000ad0      0x19c source/timer.o
 .debug_loc     0x00000c6c      0x270 source/usart.o
 .debug_loc     0x00000edc      0x1f4 source/w5500_reg.o
 .debug_loc     0x000010d0      0x138 source/cfg.o

.debug_aranges  0x00000000      0x240
 .debug_aranges
                0x00000000       0x20 Device_Startup/startup_samr21.o
 .debug_aranges
                0x00000020       0x20 source/acc_and_logs.o
 .debug_aranges
                0x00000040       0x20 source/alg.o
 .debug_aranges
                0x00000060       0x20 source/cmd.o
 .debug_aranges
                0x00000080       0x20 source/crc.o
 .debug_aranges
                0x000000a0       0x20 source/encod_k.o
 .debug_aranges
                0x000000c0       0x20 source/eth_parse.o
 .debug_aranges
                0x000000e0       0x20 source/flash.o
 .debug_aranges
                0x00000100       0x20 source/gpio.o
 .debug_aranges
                0x00000120       0x20 source/iap.o
 .debug_aranges
                0x00000140       0x20 source/main.o
 .debug_aranges
                0x00000160       0x20 source/socket.o
 .debug_aranges
                0x00000180       0x20 source/spi.o
 .debug_aranges
                0x000001a0       0x20 source/sys_clock.o
 .debug_aranges
                0x000001c0       0x20 source/timer.o
 .debug_aranges
                0x000001e0       0x20 source/usart.o
 .debug_aranges
                0x00000200       0x20 source/w5500_reg.o
 .debug_aranges
                0x00000220       0x20 source/cfg.o

.debug_macro    0x00000000    0x1704b
 .debug_macro   0x00000000      0x2f7 Device_Startup/startup_samr21.o
 .debug_macro   0x000002f7      0x89e Device_Startup/startup_samr21.o
 .debug_macro   0x00000b95       0x22 Device_Startup/startup_samr21.o
 .debug_macro   0x00000bb7       0x87 Device_Startup/startup_samr21.o
 .debug_macro   0x00000c3e       0x51 Device_Startup/startup_samr21.o
 .debug_macro   0x00000c8f       0xef Device_Startup/startup_samr21.o
 .debug_macro   0x00000d7e       0x6a Device_Startup/startup_samr21.o
 .debug_macro   0x00000de8      0x1df Device_Startup/startup_samr21.o
 .debug_macro   0x00000fc7       0x40 Device_Startup/startup_samr21.o
 .debug_macro   0x00001007       0x28 Device_Startup/startup_samr21.o
 .debug_macro   0x0000102f       0x85 Device_Startup/startup_samr21.o
 .debug_macro   0x000010b4      0x375 Device_Startup/startup_samr21.o
 .debug_macro   0x00001429      0x67d Device_Startup/startup_samr21.o
 .debug_macro   0x00001aa6      0x8b0 Device_Startup/startup_samr21.o
 .debug_macro   0x00002356      0x22e Device_Startup/startup_samr21.o
 .debug_macro   0x00002584      0xd5c Device_Startup/startup_samr21.o
 .debug_macro   0x000032e0      0x4c6 Device_Startup/startup_samr21.o
 .debug_macro   0x000037a6      0x9f6 Device_Startup/startup_samr21.o
 .debug_macro   0x0000419c      0x82a Device_Startup/startup_samr21.o
 .debug_macro   0x000049c6      0x450 Device_Startup/startup_samr21.o
 .debug_macro   0x00004e16       0x5e Device_Startup/startup_samr21.o
 .debug_macro   0x00004e74      0x21c Device_Startup/startup_samr21.o
 .debug_macro   0x00005090      0x734 Device_Startup/startup_samr21.o
 .debug_macro   0x000057c4       0x5e Device_Startup/startup_samr21.o
 .debug_macro   0x00005822      0x631 Device_Startup/startup_samr21.o
 .debug_macro   0x00005e53      0x3ab Device_Startup/startup_samr21.o
 .debug_macro   0x000061fe       0x94 Device_Startup/startup_samr21.o
 .debug_macro   0x00006292      0xc75 Device_Startup/startup_samr21.o
 .debug_macro   0x00006f07     0x1092 Device_Startup/startup_samr21.o
 .debug_macro   0x00007f99      0xc4a Device_Startup/startup_samr21.o
 .debug_macro   0x00008be3      0x6ba Device_Startup/startup_samr21.o
 .debug_macro   0x0000929d     0x1b3c Device_Startup/startup_samr21.o
 .debug_macro   0x0000add9     0x143b Device_Startup/startup_samr21.o
 .debug_macro   0x0000c214      0x33f Device_Startup/startup_samr21.o
 .debug_macro   0x0000c553       0x7c Device_Startup/startup_samr21.o
 .debug_macro   0x0000c5cf       0xa0 Device_Startup/startup_samr21.o
 .debug_macro   0x0000c66f       0x4c Device_Startup/startup_samr21.o
 .debug_macro   0x0000c6bb       0xca Device_Startup/startup_samr21.o
 .debug_macro   0x0000c785       0x94 Device_Startup/startup_samr21.o
 .debug_macro   0x0000c819       0x58 Device_Startup/startup_samr21.o
 .debug_macro   0x0000c871      0x340 Device_Startup/startup_samr21.o
 .debug_macro   0x0000cbb1       0x82 Device_Startup/startup_samr21.o
 .debug_macro   0x0000cc33      0x188 Device_Startup/startup_samr21.o
 .debug_macro   0x0000cdbb       0xa0 Device_Startup/startup_samr21.o
 .debug_macro   0x0000ce5b       0xb2 Device_Startup/startup_samr21.o
 .debug_macro   0x0000cf0d       0x1c Device_Startup/startup_samr21.o
 .debug_macro   0x0000cf29       0x1c Device_Startup/startup_samr21.o
 .debug_macro   0x0000cf45       0x1c Device_Startup/startup_samr21.o
 .debug_macro   0x0000cf61       0x7c Device_Startup/startup_samr21.o
 .debug_macro   0x0000cfdd      0x1ba Device_Startup/startup_samr21.o
 .debug_macro   0x0000d197       0x16 Device_Startup/startup_samr21.o
 .debug_macro   0x0000d1ad       0xdc Device_Startup/startup_samr21.o
 .debug_macro   0x0000d289      0x124 Device_Startup/startup_samr21.o
 .debug_macro   0x0000d3ad      0x124 Device_Startup/startup_samr21.o
 .debug_macro   0x0000d4d1      0x124 Device_Startup/startup_samr21.o
 .debug_macro   0x0000d5f5      0x124 Device_Startup/startup_samr21.o
 .debug_macro   0x0000d719      0x124 Device_Startup/startup_samr21.o
 .debug_macro   0x0000d83d      0x124 Device_Startup/startup_samr21.o
 .debug_macro   0x0000d961      0x124 Device_Startup/startup_samr21.o
 .debug_macro   0x0000da85       0xe2 Device_Startup/startup_samr21.o
 .debug_macro   0x0000db67       0xe2 Device_Startup/startup_samr21.o
 .debug_macro   0x0000dc49       0xe2 Device_Startup/startup_samr21.o
 .debug_macro   0x0000dd2b       0xe2 Device_Startup/startup_samr21.o
 .debug_macro   0x0000de0d       0xe2 Device_Startup/startup_samr21.o
 .debug_macro   0x0000deef      0x12a Device_Startup/startup_samr21.o
 .debug_macro   0x0000e019      0x100 Device_Startup/startup_samr21.o
 .debug_macro   0x0000e119       0xf4 Device_Startup/startup_samr21.o
 .debug_macro   0x0000e20d      0x40f Device_Startup/startup_samr21.o
 .debug_macro   0x0000e61c       0x40 Device_Startup/startup_samr21.o
 .debug_macro   0x0000e65c      0x392 Device_Startup/startup_samr21.o
 .debug_macro   0x0000e9ee     0x192e Device_Startup/startup_samr21.o
 .debug_macro   0x0001031c       0x74 Device_Startup/startup_samr21.o
 .debug_macro   0x00010390      0x50f source/acc_and_logs.o
 .debug_macro   0x0001089f       0x52 source/acc_and_logs.o
 .debug_macro   0x000108f1       0x8d source/acc_and_logs.o
 .debug_macro   0x0001097e       0x35 source/acc_and_logs.o
 .debug_macro   0x000109b3       0x9c source/acc_and_logs.o
 .debug_macro   0x00010a4f      0x16d source/acc_and_logs.o
 .debug_macro   0x00010bbc       0x57 source/acc_and_logs.o
 .debug_macro   0x00010c13       0x58 source/acc_and_logs.o
 .debug_macro   0x00010c6b       0x1f source/acc_and_logs.o
 .debug_macro   0x00010c8a       0x43 source/acc_and_logs.o
 .debug_macro   0x00010ccd       0x20 source/acc_and_logs.o
 .debug_macro   0x00010ced      0x187 source/acc_and_logs.o
 .debug_macro   0x00010e74      0x353 source/acc_and_logs.o
 .debug_macro   0x000111c7       0x10 source/acc_and_logs.o
 .debug_macro   0x000111d7       0x35 source/acc_and_logs.o
 .debug_macro   0x0001120c       0x16 source/acc_and_logs.o
 .debug_macro   0x00011222       0x16 source/acc_and_logs.o
 .debug_macro   0x00011238       0x29 source/acc_and_logs.o
 .debug_macro   0x00011261       0x1c source/acc_and_logs.o
 .debug_macro   0x0001127d      0x18a source/acc_and_logs.o
 .debug_macro   0x00011407       0x76 source/acc_and_logs.o
 .debug_macro   0x0001147d       0x46 source/acc_and_logs.o
 .debug_macro   0x000114c3       0x34 source/acc_and_logs.o
 .debug_macro   0x000114f7       0x2e source/acc_and_logs.o
 .debug_macro   0x00011525       0x5e source/acc_and_logs.o
 .debug_macro   0x00011583       0x2e source/acc_and_logs.o
 .debug_macro   0x000115b1      0x44a source/acc_and_logs.o
 .debug_macro   0x000119fb       0x16 source/acc_and_logs.o
 .debug_macro   0x00011a11       0x52 source/acc_and_logs.o
 .debug_macro   0x00011a63       0x1c source/acc_and_logs.o
 .debug_macro   0x00011a7f       0x10 source/acc_and_logs.o
 .debug_macro   0x00011a8f       0x10 source/acc_and_logs.o
 .debug_macro   0x00011a9f       0x1c source/acc_and_logs.o
 .debug_macro   0x00011abb       0x52 source/acc_and_logs.o
 .debug_macro   0x00011b0d       0x40 source/acc_and_logs.o
 .debug_macro   0x00011b4d       0x10 source/acc_and_logs.o
 .debug_macro   0x00011b5d       0x40 source/acc_and_logs.o
 .debug_macro   0x00011b9d       0xd7 source/acc_and_logs.o
 .debug_macro   0x00011c74       0x16 source/acc_and_logs.o
 .debug_macro   0x00011c8a      0x18b source/acc_and_logs.o
 .debug_macro   0x00011e15       0x58 source/acc_and_logs.o
 .debug_macro   0x00011e6d       0x8e source/acc_and_logs.o
 .debug_macro   0x00011efb      0x50f source/alg.o
 .debug_macro   0x0001240a      0x557 source/cmd.o
 .debug_macro   0x00012961      0x50f source/crc.o
 .debug_macro   0x00012e70      0x521 source/encod_k.o
 .debug_macro   0x00013391      0x50f source/eth_parse.o
 .debug_macro   0x000138a0      0x50f source/flash.o
 .debug_macro   0x00013daf      0x50f source/gpio.o
 .debug_macro   0x000142be      0x50f source/iap.o
 .debug_macro   0x000147cd      0x50f source/main.o
 .debug_macro   0x00014cdc      0x50f source/socket.o
 .debug_macro   0x000151eb      0x50f source/spi.o
 .debug_macro   0x000156fa      0x50f source/sys_clock.o
 .debug_macro   0x00015c09      0x50f source/timer.o
 .debug_macro   0x00016118      0x50f source/usart.o
 .debug_macro   0x00016627      0x50f source/w5500_reg.o
 .debug_macro   0x00016b36      0x515 source/cfg.o

.debug_line     0x00000000     0xa70d
 .debug_line    0x00000000      0x6c8 Device_Startup/startup_samr21.o
 .debug_line    0x000006c8      0x931 source/acc_and_logs.o
 .debug_line    0x00000ff9      0x906 source/alg.o
 .debug_line    0x000018ff      0xabd source/cmd.o
 .debug_line    0x000023bc      0x91f source/crc.o
 .debug_line    0x00002cdb      0x93e source/encod_k.o
 .debug_line    0x00003619      0x937 source/eth_parse.o
 .debug_line    0x00003f50      0x987 source/flash.o
 .debug_line    0x000048d7      0x90b source/gpio.o
 .debug_line    0x000051e2      0x8e7 source/iap.o
 .debug_line    0x00005ac9      0x8d6 source/main.o
 .debug_line    0x0000639f      0x919 source/socket.o
 .debug_line    0x00006cb8      0x99f source/spi.o
 .debug_line    0x00007657      0x8c6 source/sys_clock.o
 .debug_line    0x00007f1d      0x962 source/timer.o
 .debug_line    0x0000887f      0xa45 source/usart.o
 .debug_line    0x000092c4      0xaf0 source/w5500_reg.o
 .debug_line    0x00009db4      0x959 source/cfg.o

.debug_str      0x00000000    0x71ac7
 .debug_str     0x00000000    0x69829 Device_Startup/startup_samr21.o
                              0x69c4e (size before relaxing)
 .debug_str     0x00069829     0x6ea9 source/acc_and_logs.o
                              0x6fb43 (size before relaxing)
 .debug_str     0x000706d2       0x43 source/alg.o
                              0x6fa6f (size before relaxing)
 .debug_str     0x00070715      0x296 source/cmd.o
                              0x6fd62 (size before relaxing)
 .debug_str     0x000709ab       0xd9 source/crc.o
                              0x6fb38 (size before relaxing)
 .debug_str     0x00070a84       0x86 source/encod_k.o
                              0x6fac6 (size before relaxing)
 .debug_str     0x00070b0a       0xa6 source/eth_parse.o
                              0x6facd (size before relaxing)
 .debug_str     0x00070bb0       0x2f source/flash.o
                              0x6fc5f (size before relaxing)
 .debug_str     0x00070bdf      0x1a5 source/gpio.o
                              0x6fbec (size before relaxing)
 .debug_str     0x00070d84       0x26 source/iap.o
                              0x6fb53 (size before relaxing)
 .debug_str     0x00070daa       0x93 source/main.o
                              0x6fbf3 (size before relaxing)
 .debug_str     0x00070e3d       0x1d source/socket.o
                              0x6fa50 (size before relaxing)
 .debug_str     0x00070e5a      0x4f8 source/spi.o
                              0x70159 (size before relaxing)
 .debug_str     0x00071352      0x3d2 source/sys_clock.o
                              0x6ffd3 (size before relaxing)
 .debug_str     0x00071724      0x23b source/timer.o
                              0x7029c (size before relaxing)
 .debug_str     0x0007195f       0x25 source/usart.o
                              0x7001f (size before relaxing)
 .debug_str     0x00071984      0x120 source/w5500_reg.o
                              0x6fb88 (size before relaxing)
 .debug_str     0x00071aa4       0x23 source/cfg.o
                              0x6faff (size before relaxing)

.debug_frame    0x00000000     0x1054
 .debug_frame   0x00000000       0x4c Device_Startup/startup_samr21.o
 .debug_frame   0x0000004c       0xb4 source/acc_and_logs.o
 .debug_frame   0x00000100       0x90 source/alg.o
 .debug_frame   0x00000190       0x8c source/cmd.o
 .debug_frame   0x0000021c       0x70 source/crc.o
 .debug_frame   0x0000028c       0xb0 source/encod_k.o
 .debug_frame   0x0000033c       0xb4 source/eth_parse.o
 .debug_frame   0x000003f0       0xf0 source/flash.o
 .debug_frame   0x000004e0       0x68 source/gpio.o
 .debug_frame   0x00000548       0x30 source/iap.o
 .debug_frame   0x00000578       0x30 source/main.o
 .debug_frame   0x000005a8       0x30 source/socket.o
 .debug_frame   0x000005d8      0x110 source/spi.o
 .debug_frame   0x000006e8       0x50 source/sys_clock.o
 .debug_frame   0x00000738      0x10c source/timer.o
 .debug_frame   0x00000844      0x18c source/usart.o
 .debug_frame   0x000009d0      0x14c source/w5500_reg.o
 .debug_frame   0x00000b1c       0xcc source/cfg.o
 .debug_frame   0x00000be8       0x20 c:/program files (x86)/atmel/studio/7.0/toolchain/arm/arm-gnu-toolchain/bin/../lib/gcc/arm-none-eabi/6.3.1/thumb/v6-m\libgcc.a(_udivsi3.o)
 .debug_frame   0x00000c08       0x2c c:/program files (x86)/atmel/studio/7.0/toolchain/arm/arm-gnu-toolchain/bin/../lib/gcc/arm-none-eabi/6.3.1/thumb/v6-m\libgcc.a(_fixunsdfsi.o)
 .debug_frame   0x00000c34       0x28 c:/program files (x86)/atmel/studio/7.0/toolchain/arm/arm-gnu-toolchain/bin/../lib/gcc/arm-none-eabi/6.3.1/thumb/v6-m\libgcc.a(floatunsisf.o)
 .debug_frame   0x00000c5c       0x3c c:/program files (x86)/atmel/studio/7.0/toolchain/arm/arm-gnu-toolchain/bin/../lib/gcc/arm-none-eabi/6.3.1/thumb/v6-m\libgcc.a(divdf3.o)
 .debug_frame   0x00000c98       0x3c c:/program files (x86)/atmel/studio/7.0/toolchain/arm/arm-gnu-toolchain/bin/../lib/gcc/arm-none-eabi/6.3.1/thumb/v6-m\libgcc.a(muldf3.o)
 .debug_frame   0x00000cd4       0x38 c:/program files (x86)/atmel/studio/7.0/toolchain/arm/arm-gnu-toolchain/bin/../lib/gcc/arm-none-eabi/6.3.1/thumb/v6-m\libgcc.a(subdf3.o)
 .debug_frame   0x00000d0c       0x2c c:/program files (x86)/atmel/studio/7.0/toolchain/arm/arm-gnu-toolchain/bin/../lib/gcc/arm-none-eabi/6.3.1/thumb/v6-m\libgcc.a(fixdfsi.o)
 .debug_frame   0x00000d38       0x28 c:/program files (x86)/atmel/studio/7.0/toolchain/arm/arm-gnu-toolchain/bin/../lib/gcc/arm-none-eabi/6.3.1/thumb/v6-m\libgcc.a(floatunsidf.o)
 .debug_frame   0x00000d60       0x2c c:/program files (x86)/atmel/studio/7.0/toolchain/arm/arm-gnu-toolchain/bin/../lib/gcc/arm-none-eabi/6.3.1/thumb/v6-m\libgcc.a(extendsfdf2.o)
 .debug_frame   0x00000d8c       0x38 c:/program files (x86)/atmel/studio/7.0/toolchain/arm/arm-gnu-toolchain/bin/../lib/gcc/arm-none-eabi/6.3.1/thumb/v6-m\libgcc.a(eqdf2.o)
 .debug_frame   0x00000dc4       0x38 c:/program files (x86)/atmel/studio/7.0/toolchain/arm/arm-gnu-toolchain/bin/../lib/gcc/arm-none-eabi/6.3.1/thumb/v6-m\libgcc.a(gedf2.o)
 .debug_frame   0x00000dfc       0x38 c:/program files (x86)/atmel/studio/7.0/toolchain/arm/arm-gnu-toolchain/bin/../lib/gcc/arm-none-eabi/6.3.1/thumb/v6-m\libgcc.a(ledf2.o)
 .debug_frame   0x00000e34       0x2c c:/program files (x86)/atmel/studio/7.0/toolchain/arm/arm-gnu-toolchain/bin/../lib/gcc/arm-none-eabi/6.3.1/../../../../arm-none-eabi/lib/thumb/v6-m\libc.a(lib_a-init.o)
 .debug_frame   0x00000e60       0x30 c:/program files (x86)/atmel/studio/7.0/toolchain/arm/arm-gnu-toolchain/bin/../lib/gcc/arm-none-eabi/6.3.1/../../../../arm-none-eabi/lib/thumb/v6-m\libc.a(lib_a-memcpy-stub.o)
 .debug_frame   0x00000e90       0x30 c:/program files (x86)/atmel/studio/7.0/toolchain/arm/arm-gnu-toolchain/bin/../lib/gcc/arm-none-eabi/6.3.1/../../../../arm-none-eabi/lib/thumb/v6-m\libc.a(lib_a-memset.o)
 .debug_frame   0x00000ec0       0x54 c:/program files (x86)/atmel/studio/7.0/toolchain/arm/arm-gnu-toolchain/bin/../lib/gcc/arm-none-eabi/6.3.1/../../../../arm-none-eabi/lib/thumb/v6-m\libc.a(lib_a-__call_atexit.o)
 .debug_frame   0x00000f14       0x28 c:/program files (x86)/atmel/studio/7.0/toolchain/arm/arm-gnu-toolchain/bin/../lib/gcc/arm-none-eabi/6.3.1/../../../../arm-none-eabi/lib/thumb/v6-m\libc.a(lib_a-atexit.o)
 .debug_frame   0x00000f3c       0x2c c:/program files (x86)/atmel/studio/7.0/toolchain/arm/arm-gnu-toolchain/bin/../lib/gcc/arm-none-eabi/6.3.1/../../../../arm-none-eabi/lib/thumb/v6-m\libc.a(lib_a-fini.o)
 .debug_frame   0x00000f68       0xb0 c:/program files (x86)/atmel/studio/7.0/toolchain/arm/arm-gnu-toolchain/bin/../lib/gcc/arm-none-eabi/6.3.1/../../../../arm-none-eabi/lib/thumb/v6-m\libc.a(lib_a-lock.o)
 .debug_frame   0x00001018       0x3c c:/program files (x86)/atmel/studio/7.0/toolchain/arm/arm-gnu-toolchain/bin/../lib/gcc/arm-none-eabi/6.3.1/../../../../arm-none-eabi/lib/thumb/v6-m\libc.a(lib_a-__atexit.o)

.debug_ranges   0x00000000       0x30
 .debug_ranges  0x00000000       0x30 source/cmd.o
